// Jest Snapshot v1, https://goo.gl/fbAQLP

exports[`Pruebas en GifItem Should match with snapshoot 1`] = `
<div>
  <div
    class="card"
  >
    <img
      alt="test"
      src="http://localhost/test"
    />
    <p>
      test
    </p>
  </div>
</div>
`;
