// Jest Snapshot v1, https://goo.gl/fbAQLP

exports[`Pruebas en el LoginPage should be the same that snapShot 1`] = `
<div>
  <h1>
    Login APp
  </h1>
  <hr />
  <pre
    aria-label="pre"
  >
    null
  </pre>
  <button
    class="btn btn-primary"
  >
    Establecer usuario
  </button>
</div>
`;
